20171123100222
20171123100411
20171123100508
/usr/bin/git
/usr/bin/git
$ /usr/bin/git clone "https://github.com/team-gone/crud-symfony-example-app" "/var/www/public/crud/releases/20171123101802" --branch="florian" --depth="1"
/usr/bin/git clone "https://github.com/team-gone/crud-symfony-example-app" "/var/www/public/crud/releases/20171123101802" --branch="florian" --depth="1"
Cloning into '/var/www/public/crud/releases/20171123101802'...
/usr/bin/git
/usr/bin/git
$ cd /var/www/public/crud/releases/20171123101802
$ /usr/bin/git submodule update --init --recursive
cd /var/www/public/crud/releases/20171123101802
/usr/bin/git submodule update --init --recursive


/usr/local/bin/composer
$ cd /var/www/public/crud/releases/20171123101802
$ /usr/local/bin/composer install --no-interaction --no-dev --prefer-dist
cd /var/www/public/crud/releases/20171123101802
/usr/local/bin/composer install --no-interaction --no-dev --prefer-dist
Loading composer repositories with package information
Installing dependencies from lock file
Package operations: 50 installs, 0 updates, 0 removals
  - Installing behat/gherkin (v4.5.1): Loading from cache
  - Installing twig/twig (v1.35.0): Loading from cache
  - Installing symfony/polyfill-util (v1.6.0): Loading from cache
  - Installing paragonie/random_compat (v2.0.11): Loading from cache
  - Installing symfony/polyfill-php70 (v1.6.0): Loading from cache
  - Installing symfony/polyfill-php56 (v1.6.0): Loading from cache
  - Installing symfony/polyfill-mbstring (v1.6.0): Loading from cache
  - Installing symfony/symfony (v3.3.13): Loading from cache
  - Installing symfony/polyfill-intl-icu (v1.6.0): Loading from cache
  - Installing symfony/polyfill-apcu (v1.6.0): Loading from cache
  - Installing psr/simple-cache (1.0.0): Loading from cache
  - Installing psr/log (1.0.2): Loading from cache
  - Installing psr/link (1.0.0): Loading from cache
  - Installing psr/container (1.0.0): Loading from cache
  - Installing psr/cache (1.0.1): Loading from cache
  - Installing fig/link-util (1.0.0): Loading from cache
  - Installing doctrine/lexer (v1.0.1): Loading from cache
  - Installing doctrine/inflector (v1.1.0): Loading from cache
  - Installing doctrine/collections (v1.3.0): Loading from cache
  - Installing doctrine/cache (v1.6.2): Loading from cache
  - Installing doctrine/annotations (v1.2.7): Loading from cache
  - Installing doctrine/common (v2.6.2): Loading from cache
  - Installing behat/mink (v1.7.1): Loading from cache
  - Installing behat/mink-browserkit-driver (v1.3.2): Loading from cache
  - Installing container-interop/container-interop (1.2.0): Loading from cache
  - Installing behat/transliterator (v1.2.0): Loading from cache
  - Installing behat/behat (v3.4.2): Loading from cache
  - Installing behat/mink-extension (v2.2): Loading from cache
  - Installing instaclick/php-webdriver (1.4.5): Loading from cache
  - Installing behat/mink-selenium2-driver (v1.3.1): Loading from cache
  - Installing behat/symfony2-extension (2.1.2): Loading from cache
  - Installing doctrine/dbal (v2.5.13): Loading from cache
  - Installing doctrine/doctrine-cache-bundle (1.3.2): Loading from cache
  - Installing doctrine/instantiator (1.0.5): Loading from cache
  - Installing friendsofsymfony/user-bundle (v2.0.1): Loading from cache
  - Installing incenteev/composer-parameter-handler (v2.1.2): Loading from cache
  - Installing twig/extensions (v1.5.1): Loading from cache
  - Installing sensio/framework-extra-bundle (v3.0.28): Loading from cache
  - Installing pagerfanta/pagerfanta (v1.0.5): Loading from cache
  - Installing doctrine/orm (v2.5.12): Loading from cache
  - Installing jdorn/sql-formatter (v1.2.17): Loading from cache
  - Installing doctrine/doctrine-bundle (1.8.0): Loading from cache
  - Installing javiereguiluz/easyadmin-bundle (v1.17.6): Loading from cache
  - Installing composer/ca-bundle (1.0.9): Loading from cache
  - Installing sensiolabs/security-checker (v4.1.6): Loading from cache
  - Installing sensio/distribution-bundle (v5.0.21): Loading from cache
  - Installing monolog/monolog (1.23.0): Loading from cache
  - Installing symfony/monolog-bundle (v3.1.2): Loading from cache
  - Installing swiftmailer/swiftmailer (v5.4.8): Loading from cache
  - Installing symfony/swiftmailer-bundle (v2.6.7): Loading from cache
Generating autoload files
> Incenteev\ParameterHandler\ScriptHandler::buildParameters
Creating the "app/config/parameters.yml" file
> Sensio\Bundle\DistributionBundle\Composer\ScriptHandler::buildBootstrap
> Sensio\Bundle\DistributionBundle\Composer\ScriptHandler::clearCache
PHP Fatal error:  Uncaught Symfony\Component\Debug\Exception\ClassNotFoundException: Attempted to load class "SensioGeneratorBundle" from namespace "Sensio\Bundle\GeneratorBundle".
Did you forget a "use" statement for another namespace? in /var/www/public/crud/releases/20171123101802/app/AppKernel.php:29
Stack trace:
#0 /var/www/public/crud/releases/20171123101802/vendor/symfony/symfony/src/Symfony/Component/HttpKernel/Kernel.php(448): AppKernel->registerBundles()
#1 /var/www/public/crud/releases/20171123101802/vendor/symfony/symfony/src/Symfony/Component/HttpKernel/Kernel.php(114): Symfony\Component\HttpKernel\Kernel->initializeBundles()
#2 /var/www/public/crud/releases/20171123101802/vendor/symfony/symfony/src/Symfony/Bundle/FrameworkBundle/Console/Application.php(59): Symfony\Component\HttpKernel\Kernel->boot()
#3 /var/www/public/crud/releases/20171123101802/vendor/symfony/symfony/src/Symfony/Component/Console/Application.php(122): Symfony\Bundle\FrameworkBundle\Console\Application->doRun(Object(Symfony\Component\Console\In in /var/www/public/crud/releases/20171123101802/app/AppKernel.php on line 29
Script Sensio\Bundle\DistributionBundle\Composer\ScriptHandler::clearCache handling the symfony-scripts event terminated with an exception

                                                                                                                                                                                                                                                                                                         
  [RuntimeException]                                                                                                                                                                                                                                                                                     
  An error occurred when executing the "'cache:clear --no-warmup'" command:                                                                                                                                                                                                                              
  PHP Fatal error:  Uncaught Symfony\Component\Debug\Exception\ClassNotFoundException: Attempted to load class "SensioGeneratorBundle" from namespace "Sensio\Bundle\GeneratorBundle".                                                                                                                   
  Did you forget a "use" statement for another namespace? in /var/www/public/crud/releases/20171123101802/app/AppKernel.php:29                                                                                                                                                                           
  Stack trace:                                                                                                                                                                                                                                                                                           
  #0 /var/www/public/crud/releases/20171123101802/vendor/symfony/symfony/src/Symfony/Component/HttpKernel/Kernel.php(448): AppKernel->registerBundles()                                                                                                                                                  
  #1 /var/www/public/crud/releases/20171123101802/vendor/symfony/symfony/src/Symfony/Component/HttpKernel/Kernel.php(114): Symfony\Component\HttpKernel\Kernel->initializeBundles()                                                                                                                      
  #2 /var/www/public/crud/releases/20171123101802/vendor/symfony/symfony/src/Symfony/Bundle/FrameworkBundle/Console/Application.php(59): Symfony\Component\HttpKernel\Kernel->boot()                                                                                                                     
  #3 /var/www/public/crud/releases/20171123101802/vendor/symfony/symfony/src/Symfony/Component/Console/Application.php(122): Symfony\Bundle\FrameworkBundle\Console\Application->doRun(Object(Symfony\Component\Console\In in /var/www/public/crud/releases/20171123101802/app/AppKernel.php on line 29  
                                                                                                                                                                                                                                                                                                         

install [--prefer-source] [--prefer-dist] [--dry-run] [--dev] [--no-dev] [--no-custom-installers] [--no-autoloader] [--no-scripts] [--no-progress] [--no-suggest] [-v|vv|vvv|--verbose] [-o|--optimize-autoloader] [-a|--classmap-authoritative] [--apcu-autoloader] [--ignore-platform-reqs] [--] [<packages>]...
